{
  "version": "1.5.0",
  "plugins_used": [
    {
      "name": "ArtifactoryDetector"
    },
    {
      "name": "AWSKeyDetector"
    },
    {
      "name": "AzureStorageKeyDetector"
    },
    {
      "name": "Base64HighEntropyString",
      "limit": 4.5
    },
    {
      "name": "BasicAuthDetector"
    },
    {
      "name": "CloudantDetector"
    },
    {
      "name": "DiscordBotTokenDetector"
    },
    {
      "name": "GitHubTokenDetector"
    },
    {
      "name": "GitLabTokenDetector"
    },
    {
      "name": "HexHighEntropyString",
      "limit": 3.0
    },
    {
      "name": "IbmCloudIamDetector"
    },
    {
      "name": "IbmCosHmacDetector"
    },
    {
      "name": "IPPublicDetector"
    },
    {
      "name": "JwtTokenDetector"
    },
    {
      "name": "KeywordDetector",
      "keyword_exclude": ""
    },
    {
      "name": "MailchimpDetector"
    },
    {
      "name": "NpmDetector"
    },
    {
      "name": "OpenAIDetector"
    },
    {
      "name": "PrivateKeyDetector"
    },
    {
      "name": "PypiTokenDetector"
    },
    {
      "name": "SendGridDetector"
    },
    {
      "name": "SlackDetector"
    },
    {
      "name": "SoftlayerDetector"
    },
    {
      "name": "SquareOAuthDetector"
    },
    {
      "name": "StripeDetector"
    },
    {
      "name": "TelegramBotTokenDetector"
    },
    {
      "name": "TwilioKeyDetector"
    }
  ],
  "filters_used": [
    {
      "path": "detect_secrets.filters.allowlist.is_line_allowlisted"
    },
    {
      "path": "detect_secrets.filters.common.is_baseline_file",
      "filename": ".secrets.baseline"
    },
    {
      "path": "detect_secrets.filters.common.is_ignored_due_to_verification_policies",
      "min_level": 2
    },
    {
      "path": "detect_secrets.filters.heuristic.is_indirect_reference"
    },
    {
      "path": "detect_secrets.filters.heuristic.is_likely_id_string"
    },
    {
      "path": "detect_secrets.filters.heuristic.is_lock_file"
    },
    {
      "path": "detect_secrets.filters.heuristic.is_not_alphanumeric_string"
    },
    {
      "path": "detect_secrets.filters.heuristic.is_potential_uuid"
    },
    {
      "path": "detect_secrets.filters.heuristic.is_prefixed_with_dollar_sign"
    },
    {
      "path": "detect_secrets.filters.heuristic.is_sequential_string"
    },
    {
      "path": "detect_secrets.filters.heuristic.is_swagger_file"
    },
    {
      "path": "detect_secrets.filters.heuristic.is_templated_secret"
    }
  ],
  "results": {
    "code-graph/archive/codebase_analysis_with_summaries.json": [
      {
        "type": "Hex High Entropy String",
        "filename": "code-graph/archive/codebase_analysis_with_summaries.json",
        "hashed_secret": "954913347d86134b917189b3ebb37dece5749c4b",
        "is_verified": false,
        "line_number": 35
      },
      {
        "type": "Hex High Entropy String",
        "filename": "code-graph/archive/codebase_analysis_with_summaries.json",
        "hashed_secret": "cbc3124b58b05d06cd6bfc8bf93ae8384429bca7",
        "is_verified": false,
        "line_number": 84
      },
      {
        "type": "Hex High Entropy String",
        "filename": "code-graph/archive/codebase_analysis_with_summaries.json",
        "hashed_secret": "6a53f3e46df80c7d59da6bf0087cf1325b4e10e5",
        "is_verified": false,
        "line_number": 104
      },
      {
        "type": "Hex High Entropy String",
        "filename": "code-graph/archive/codebase_analysis_with_summaries.json",
        "hashed_secret": "1ca7edabe8bbce99afbb08e68f588a0cdcf133e8",
        "is_verified": false,
        "line_number": 151
      },
      {
        "type": "Hex High Entropy String",
        "filename": "code-graph/archive/codebase_analysis_with_summaries.json",
        "hashed_secret": "9929f60e9b3a1d4b4a5e6d6c0a218e13bc86c7c0",
        "is_verified": false,
        "line_number": 176
      },
      {
        "type": "Hex High Entropy String",
        "filename": "code-graph/archive/codebase_analysis_with_summaries.json",
        "hashed_secret": "7bd2988afe8e96a25b183c51b2144dab251e4ab5",
        "is_verified": false,
        "line_number": 217
      },
      {
        "type": "Hex High Entropy String",
        "filename": "code-graph/archive/codebase_analysis_with_summaries.json",
        "hashed_secret": "0eba1e6128a831469994ec74726f6741e960a3ca",
        "is_verified": false,
        "line_number": 340
      },
      {
        "type": "Hex High Entropy String",
        "filename": "code-graph/archive/codebase_analysis_with_summaries.json",
        "hashed_secret": "0c9b16a30f691a3b0959eea08c1b722a9f583a10",
        "is_verified": false,
        "line_number": 395
      },
      {
        "type": "Hex High Entropy String",
        "filename": "code-graph/archive/codebase_analysis_with_summaries.json",
        "hashed_secret": "fc7e8fe3df0c7bb94a16145bff8d3201259e3b14",
        "is_verified": false,
        "line_number": 440
      },
      {
        "type": "Hex High Entropy String",
        "filename": "code-graph/archive/codebase_analysis_with_summaries.json",
        "hashed_secret": "2c033860b5438d55215a825b74b59f6bc468819b",
        "is_verified": false,
        "line_number": 492
      },
      {
        "type": "Hex High Entropy String",
        "filename": "code-graph/archive/codebase_analysis_with_summaries.json",
        "hashed_secret": "3d5a63b21cbb245666491d21e09a5f50f9abf0e9",
        "is_verified": false,
        "line_number": 547
      },
      {
        "type": "Hex High Entropy String",
        "filename": "code-graph/archive/codebase_analysis_with_summaries.json",
        "hashed_secret": "60193d5abee9c43bff202ccaf1c684377891a169",
        "is_verified": false,
        "line_number": 576
      },
      {
        "type": "Hex High Entropy String",
        "filename": "code-graph/archive/codebase_analysis_with_summaries.json",
        "hashed_secret": "f86a27105e3b992f7ca214d028a462a0e59f7314",
        "is_verified": false,
        "line_number": 621
      },
      {
        "type": "Hex High Entropy String",
        "filename": "code-graph/archive/codebase_analysis_with_summaries.json",
        "hashed_secret": "deb4790b623161979fa3a9214d80c03c4b4ed613",
        "is_verified": false,
        "line_number": 668
      },
      {
        "type": "Hex High Entropy String",
        "filename": "code-graph/archive/codebase_analysis_with_summaries.json",
        "hashed_secret": "e7c39387e78e637dc3cdc3a829a2f0d38af838cf",
        "is_verified": false,
        "line_number": 682
      },
      {
        "type": "Hex High Entropy String",
        "filename": "code-graph/archive/codebase_analysis_with_summaries.json",
        "hashed_secret": "f493bb88d8fda366f16499cea9b323f4533cb1a3",
        "is_verified": false,
        "line_number": 735
      },
      {
        "type": "Hex High Entropy String",
        "filename": "code-graph/archive/codebase_analysis_with_summaries.json",
        "hashed_secret": "7d0a7e77c2463c850fb6a4446bce45689ac68bb6",
        "is_verified": false,
        "line_number": 753
      },
      {
        "type": "Hex High Entropy String",
        "filename": "code-graph/archive/codebase_analysis_with_summaries.json",
        "hashed_secret": "3784477a5f47a83cd4673898f080cb05f07cd591",
        "is_verified": false,
        "line_number": 786
      },
      {
        "type": "Hex High Entropy String",
        "filename": "code-graph/archive/codebase_analysis_with_summaries.json",
        "hashed_secret": "0f1f95c398c72f3d3e9ef17b79d3008041a50cc7",
        "is_verified": false,
        "line_number": 815
      },
      {
        "type": "Hex High Entropy String",
        "filename": "code-graph/archive/codebase_analysis_with_summaries.json",
        "hashed_secret": "028d95c6bd68163fa089e57a036f37c0a0744566",
        "is_verified": false,
        "line_number": 844
      },
      {
        "type": "Hex High Entropy String",
        "filename": "code-graph/archive/codebase_analysis_with_summaries.json",
        "hashed_secret": "030cd1c32e626c823874acaa8ac3003c05ecc5f9",
        "is_verified": false,
        "line_number": 883
      },
      {
        "type": "Hex High Entropy String",
        "filename": "code-graph/archive/codebase_analysis_with_summaries.json",
        "hashed_secret": "d9f80ea838eaec12fc910e0c335a073dcac93555",
        "is_verified": false,
        "line_number": 912
      },
      {
        "type": "Hex High Entropy String",
        "filename": "code-graph/archive/codebase_analysis_with_summaries.json",
        "hashed_secret": "3e653984bbede67020eac42b52bd28333358f97b",
        "is_verified": false,
        "line_number": 951
      },
      {
        "type": "Hex High Entropy String",
        "filename": "code-graph/archive/codebase_analysis_with_summaries.json",
        "hashed_secret": "e8ae776958ae44533d338a3186bd264418a9c1af",
        "is_verified": false,
        "line_number": 974
      },
      {
        "type": "Hex High Entropy String",
        "filename": "code-graph/archive/codebase_analysis_with_summaries.json",
        "hashed_secret": "6c69f1cf17668cde87fc624a0f5f45350afeb3b6",
        "is_verified": false,
        "line_number": 1005
      },
      {
        "type": "Hex High Entropy String",
        "filename": "code-graph/archive/codebase_analysis_with_summaries.json",
        "hashed_secret": "1442966c8e4eed227eb52275d5b4c415c73fdd37",
        "is_verified": false,
        "line_number": 1046
      },
      {
        "type": "Hex High Entropy String",
        "filename": "code-graph/archive/codebase_analysis_with_summaries.json",
        "hashed_secret": "99ec14de219cb0e553231e97def25bf5c9fe9c93",
        "is_verified": false,
        "line_number": 1083
      },
      {
        "type": "Hex High Entropy String",
        "filename": "code-graph/archive/codebase_analysis_with_summaries.json",
        "hashed_secret": "450e61adce2396c272c01e2b82ff12e87da1ea7b",
        "is_verified": false,
        "line_number": 1132
      },
      {
        "type": "Hex High Entropy String",
        "filename": "code-graph/archive/codebase_analysis_with_summaries.json",
        "hashed_secret": "244f421f896bdcdd2784dccf4eaf7c8dfd5189b5",
        "is_verified": false,
        "line_number": 1146
      },
      {
        "type": "Hex High Entropy String",
        "filename": "code-graph/archive/codebase_analysis_with_summaries.json",
        "hashed_secret": "97edf019b5fc22396a92b1a8fd539a6d60509cf5",
        "is_verified": false,
        "line_number": 1213
      },
      {
        "type": "Hex High Entropy String",
        "filename": "code-graph/archive/codebase_analysis_with_summaries.json",
        "hashed_secret": "99321b5bc52f51342aa602b65159c73c9b74824c",
        "is_verified": false,
        "line_number": 1227
      },
      {
        "type": "Hex High Entropy String",
        "filename": "code-graph/archive/codebase_analysis_with_summaries.json",
        "hashed_secret": "2fa10caa02a7d4ca42ffd13bb3a9c121f998df0e",
        "is_verified": false,
        "line_number": 1241
      },
      {
        "type": "Hex High Entropy String",
        "filename": "code-graph/archive/codebase_analysis_with_summaries.json",
        "hashed_secret": "6e3e48602ec1b2a5345e5b31a9a9105daaed36bf",
        "is_verified": false,
        "line_number": 1261
      },
      {
        "type": "Hex High Entropy String",
        "filename": "code-graph/archive/codebase_analysis_with_summaries.json",
        "hashed_secret": "96f4829dd5be9ed585e9c6a5d7e8efaa9a3944e1",
        "is_verified": false,
        "line_number": 1279
      },
      {
        "type": "Hex High Entropy String",
        "filename": "code-graph/archive/codebase_analysis_with_summaries.json",
        "hashed_secret": "aad4ae5cd14c0a9ece52ff609b43a1ec928d5e64",
        "is_verified": false,
        "line_number": 1297
      },
      {
        "type": "Hex High Entropy String",
        "filename": "code-graph/archive/codebase_analysis_with_summaries.json",
        "hashed_secret": "d6d2b77869b76db4c116bd1dc5be279ce62c4d94",
        "is_verified": false,
        "line_number": 1311
      },
      {
        "type": "Hex High Entropy String",
        "filename": "code-graph/archive/codebase_analysis_with_summaries.json",
        "hashed_secret": "7d5daad429780eb73b0fbe880cc26bf34952f525",
        "is_verified": false,
        "line_number": 1333
      },
      {
        "type": "Hex High Entropy String",
        "filename": "code-graph/archive/codebase_analysis_with_summaries.json",
        "hashed_secret": "89989543d8d7f1e96cfeab714de8afc77625f21d",
        "is_verified": false,
        "line_number": 1347
      },
      {
        "type": "Hex High Entropy String",
        "filename": "code-graph/archive/codebase_analysis_with_summaries.json",
        "hashed_secret": "5fe9260178280c5313a9b02dc6f2a594bdef88aa",
        "is_verified": false,
        "line_number": 1365
      },
      {
        "type": "Hex High Entropy String",
        "filename": "code-graph/archive/codebase_analysis_with_summaries.json",
        "hashed_secret": "30e86660aa32ca920b135f54137f478be9fbc500",
        "is_verified": false,
        "line_number": 1379
      }
    ],
    "docs/development/TESTING_PLAN.md": [
      {
        "type": "Secret Keyword",
        "filename": "docs/development/TESTING_PLAN.md",
        "hashed_secret": "6d9c68c603e465077bdd49c62347fe54717f83a3",
        "is_verified": false,
        "line_number": 180
      }
    ],
    "scripts/archive/one_off/add_gpt5_to_manual.py": [
      {
        "type": "Secret Keyword",
        "filename": "scripts/archive/one_off/add_gpt5_to_manual.py",
        "hashed_secret": "a8253456364f1bfc7da7ae4a1db5b45d106317a5",
        "is_verified": false,
        "line_number": 110
      }
    ],
    "scripts/archive/one_off/add_temporality_gpt5.py": [
      {
        "type": "Secret Keyword",
        "filename": "scripts/archive/one_off/add_temporality_gpt5.py",
        "hashed_secret": "a8253456364f1bfc7da7ae4a1db5b45d106317a5",
        "is_verified": false,
        "line_number": 139
      }
    ],
    "scripts/quality-monitor/analyze_session.py": [
      {
        "type": "Base64 High Entropy String",
        "filename": "scripts/quality-monitor/analyze_session.py",
        "hashed_secret": "b1e5698a86a63a3dde91fe4b44fc517028ef970d",
        "is_verified": false,
        "line_number": 10
      }
    ],
    "scripts/quality-monitor/setup-quality-monitor.sh": [
      {
        "type": "Secret Keyword",
        "filename": "scripts/quality-monitor/setup-quality-monitor.sh",
        "hashed_secret": "b0bdd69adb0317725d357ab5eac09eac2d9e2750",
        "is_verified": false,
        "line_number": 69
      }
    ],
    "tests/integration/test_hybrid_digest_integration.py": [
      {
        "type": "Secret Keyword",
        "filename": "tests/integration/test_hybrid_digest_integration.py",
        "hashed_secret": "1c2932ccb961f61ffd2a4ed6d117ac5dd53219db",
        "is_verified": false,
        "line_number": 27
      }
    ],
    "tests/unit/test_gmail_oauth.py": [
      {
        "type": "Secret Keyword",
        "filename": "tests/unit/test_gmail_oauth.py",
        "hashed_secret": "03f5e2d670af3e9183f3fe790785b0d41291a17d",
        "is_verified": false,
        "line_number": 59
      },
      {
        "type": "Secret Keyword",
        "filename": "tests/unit/test_gmail_oauth.py",
        "hashed_secret": "fe1bae27cb7c1fb823f496f286e78f1d2ae87734",
        "is_verified": false,
        "line_number": 139
      },
      {
        "type": "Secret Keyword",
        "filename": "tests/unit/test_gmail_oauth.py",
        "hashed_secret": "68a4d298914c44dc940892719455a2d35efe6fbf",
        "is_verified": false,
        "line_number": 357
      }
    ]
  },
  "generated_at": "2025-11-26T05:12:20Z"
}
